// Jest Snapshot v1, https://goo.gl/fbAQLP

exports[`App renders 1`] = `
"Snapshot Diff:
Compared values have no visual difference."
`;
